apples                             11.94
  1.99 * 6.000
toothbrush                          0.99
toothbrush                          0.99
toothbrush                          0.99
3 for 2(toothbrush)                -0.99
5 for 8.99(apples)                 -0.96

Total:                             12.96
