toothbrush                          1.98
  0.99 * 2
toothpaste                          7.16
  1.79 * 4
Bundle 10.0%(toothbrush)           -0.56

Total:                              8.58
