toothbrush                          2.97
  0.99 * 3
toothpaste                          1.79
Bundle 10.0%(toothbrush)           -0.28

Total:                              4.48
